Archive member included because of file (symbol)

e:/microsemi/libero_v11.5/softconsole/sourcery-g++/bin/../lib/gcc/arm-none-eabi/4.4.1/../../../../arm-none-eabi/lib/thumb2\libc.a(lib_a-errno.o)
                              ./CMSIS/startup_gcc/newlib_stubs.o (__errno)
e:/microsemi/libero_v11.5/softconsole/sourcery-g++/bin/../lib/gcc/arm-none-eabi/4.4.1/../../../../arm-none-eabi/lib/thumb2\libc.a(lib_a-impure.o)
                              e:/microsemi/libero_v11.5/softconsole/sourcery-g++/bin/../lib/gcc/arm-none-eabi/4.4.1/../../../../arm-none-eabi/lib/thumb2\libc.a(lib_a-errno.o) (_impure_ptr)
e:/microsemi/libero_v11.5/softconsole/sourcery-g++/bin/../lib/gcc/arm-none-eabi/4.4.1/../../../../arm-none-eabi/lib/thumb2\libc.a(lib_a-init.o)
                              ./CMSIS/startup_gcc/startup_m2sxxx.o (__libc_init_array)
e:/microsemi/libero_v11.5/softconsole/sourcery-g++/bin/../lib/gcc/arm-none-eabi/4.4.1/../../../../arm-none-eabi/lib/thumb2\libc.a(lib_a-memcpy.o)
                              ./drivers/mss_pdma/mss_pdma.o (memcpy)
e:/microsemi/libero_v11.5/softconsole/sourcery-g++/bin/../lib/gcc/arm-none-eabi/4.4.1/../../../../arm-none-eabi/lib/thumb2\libc.a(lib_a-memset.o)
                              ./drivers/mss_spi/mss_spi.o (memset)

Allocating common symbols
Common symbol       size              file

g_mss_spi1          0x84              ./drivers/mss_spi/mss_spi.o
g_mss_spi0          0x84              ./drivers/mss_spi/mss_spi.o

Memory Configuration

Name             Origin             Length             Attributes
ram              0x20000000         0x00010000         xrw
*default*        0x00000000         0xffffffff

Linker script and memory map

LOAD e:/microsemi/libero_v11.5/softconsole/sourcery-g++/bin/../lib/gcc/arm-none-eabi/4.4.1/thumb2/crti.o
LOAD e:/microsemi/libero_v11.5/softconsole/sourcery-g++/bin/../lib/gcc/arm-none-eabi/4.4.1/thumb2/crtbegin.o
LOAD ./main.o
LOAD ./hal/CortexM3/cortex_nvic.o
LOAD ./hal/CortexM3/GNU/hal.o
LOAD ./hal/CortexM3/GNU/hw_reg_access.o
LOAD ./drivers_config/sys_config/sys_config.o
LOAD ./drivers_config/sys_config/sys_config_SERDESIF_0.o
LOAD ./drivers/spansion/spansion.o
LOAD ./drivers/mss_spi/mss_spi.o
LOAD ./drivers/mss_pdma/mss_pdma.o
LOAD ./CMSIS/system_m2sxxx.o
LOAD ./CMSIS/startup_gcc/newlib_stubs.o
LOAD ./CMSIS/startup_gcc/startup_m2sxxx.o
START GROUP
LOAD e:/microsemi/libero_v11.5/softconsole/sourcery-g++/bin/../lib/gcc/arm-none-eabi/4.4.1/thumb2\libgcc.a
LOAD e:/microsemi/libero_v11.5/softconsole/sourcery-g++/bin/../lib/gcc/arm-none-eabi/4.4.1/../../../../arm-none-eabi/lib/thumb2\libc.a
LOAD e:/microsemi/libero_v11.5/softconsole/sourcery-g++/bin/../lib/gcc/arm-none-eabi/4.4.1/thumb2\libgcc.a
END GROUP
LOAD e:/microsemi/libero_v11.5/softconsole/sourcery-g++/bin/../lib/gcc/arm-none-eabi/4.4.1/thumb2/crtend.o
LOAD e:/microsemi/libero_v11.5/softconsole/sourcery-g++/bin/../lib/gcc/arm-none-eabi/4.4.1/thumb2/crtn.o
START GROUP
LOAD e:/microsemi/libero_v11.5/softconsole/sourcery-g++/bin/../lib/gcc/arm-none-eabi/4.4.1/../../../../arm-none-eabi/lib/thumb2\libc.a
LOAD e:/microsemi/libero_v11.5/softconsole/sourcery-g++/bin/../lib/gcc/arm-none-eabi/4.4.1/thumb2\libgcc.a
LOAD e:/microsemi/libero_v11.5/softconsole/sourcery-g++/bin/../lib/gcc/arm-none-eabi/4.4.1/../../../../arm-none-eabi/lib/thumb2\libm.a
END GROUP
                0x00000000                __DYNAMIC = 0x0
                0x20000000                RAM_START_ADDRESS = 0x20000000
                0x00010000                RAM_SIZE = 0x10000
                0x00002000                MAIN_STACK_SIZE = 0x2000
                0x00001000                PROCESS_STACK_SIZE = 0x1000
                0x20010000                PROVIDE (__main_stack_start, (RAM_START_ADDRESS + RAM_SIZE))
                0x2000e000                PROVIDE (__process_stack_start, (__main_stack_start - MAIN_STACK_SIZE))
                0x20010000                PROVIDE (_estack, __main_stack_start)
                0x00000000                PROVIDE (__mirrored_nvm, 0x0)

.text           0x20000000     0x3240
 CREATE_OBJECT_SYMBOLS
                0x20000000                __text_load = LOADADDR (.text)
                0x20000000                __text_start = .
                0x20000000                __vector_table_vma_base_address = .
 *(.isr_vector)
 .isr_vector    0x20000000      0x2f0 ./CMSIS/startup_gcc/startup_m2sxxx.o
                0x20000000                g_pfnVectors
                0x20000188                Reset_Handler
                0x200001f8                NMI_Handler
                0x200001fa                HardFault_Handler
                0x200001fc                MemManage_Handler
                0x200001fe                BusFault_Handler
                0x20000200                UsageFault_Handler
                0x20000202                SVC_Handler
                0x20000204                DebugMon_Handler
                0x20000206                PendSV_Handler
                0x20000208                SysTick_Handler
                0x2000020a                WdogWakeup_IRQHandler
                0x2000020c                RTC_Wakeup_IRQHandler
                0x20000212                I2C0_IRQHandler
                0x20000214                I2C0_SMBAlert_IRQHandler
                0x20000216                I2C0_SMBus_IRQHandler
                0x20000218                I2C1_IRQHandler
                0x2000021a                I2C1_SMBAlert_IRQHandler
                0x2000021c                I2C1_SMBus_IRQHandler
                0x2000021e                UART0_IRQHandler
                0x20000220                UART1_IRQHandler
                0x20000222                EthernetMAC_IRQHandler
                0x20000226                Timer1_IRQHandler
                0x20000228                Timer2_IRQHandler
                0x2000022a                CAN_IRQHandler
                0x2000022c                ENVM0_IRQHandler
                0x2000022e                ENVM1_IRQHandler
                0x20000230                ComBlk_IRQHandler
                0x20000232                USB_IRQHandler
                0x20000234                USB_DMA_IRQHandler
                0x20000236                PLL_Lock_IRQHandler
                0x20000238                PLL_LockLost_IRQHandler
                0x2000023a                CommSwitchError_IRQHandler
                0x2000023c                CacheError_IRQHandler
                0x2000023e                DDR_IRQHandler
                0x20000240                HPDMA_Complete_IRQHandler
                0x20000242                HPDMA_Error_IRQHandler
                0x20000244                ECC_Error_IRQHandler
                0x20000246                MDDR_IOCalib_IRQHandler
                0x20000248                FAB_PLL_Lock_IRQHandler
                0x2000024a                FAB_PLL_LockLost_IRQHandler
                0x2000024c                FIC64_IRQHandler
                0x2000024e                FabricIrq0_IRQHandler
                0x20000250                FabricIrq1_IRQHandler
                0x20000252                FabricIrq2_IRQHandler
                0x20000254                FabricIrq3_IRQHandler
                0x20000256                FabricIrq4_IRQHandler
                0x20000258                FabricIrq5_IRQHandler
                0x2000025a                FabricIrq6_IRQHandler
                0x2000025c                FabricIrq7_IRQHandler
                0x2000025e                FabricIrq8_IRQHandler
                0x20000260                FabricIrq9_IRQHandler
                0x20000262                FabricIrq10_IRQHandler
                0x20000264                FabricIrq11_IRQHandler
                0x20000266                FabricIrq12_IRQHandler
                0x20000268                FabricIrq13_IRQHandler
                0x2000026a                FabricIrq14_IRQHandler
                0x2000026c                FabricIrq15_IRQHandler
                0x2000026e                GPIO0_IRQHandler
                0x20000270                GPIO1_IRQHandler
                0x20000272                GPIO2_IRQHandler
                0x20000274                GPIO3_IRQHandler
                0x20000276                GPIO4_IRQHandler
                0x20000278                GPIO5_IRQHandler
                0x2000027a                GPIO6_IRQHandler
                0x2000027c                GPIO7_IRQHandler
                0x2000027e                GPIO8_IRQHandler
                0x20000280                GPIO9_IRQHandler
                0x20000282                GPIO10_IRQHandler
                0x20000284                GPIO11_IRQHandler
                0x20000286                GPIO12_IRQHandler
                0x20000288                GPIO13_IRQHandler
                0x2000028a                GPIO14_IRQHandler
                0x2000028c                GPIO15_IRQHandler
                0x2000028e                GPIO16_IRQHandler
                0x20000290                GPIO17_IRQHandler
                0x20000292                GPIO18_IRQHandler
                0x20000294                GPIO19_IRQHandler
                0x20000296                GPIO20_IRQHandler
                0x20000298                GPIO21_IRQHandler
                0x2000029a                GPIO22_IRQHandler
                0x2000029c                GPIO23_IRQHandler
                0x2000029e                GPIO24_IRQHandler
                0x200002a0                GPIO25_IRQHandler
                0x200002a2                GPIO26_IRQHandler
                0x200002a4                GPIO27_IRQHandler
                0x200002a6                GPIO28_IRQHandler
                0x200002a8                GPIO29_IRQHandler
                0x200002aa                GPIO30_IRQHandler
                0x200002ac                GPIO31_IRQHandler
                0x200002ae                mscc_post_hw_cfg_init
 *(.text .text.* .gnu.linkonce.t.*)
 .text          0x200002f0        0x0 e:/microsemi/libero_v11.5/softconsole/sourcery-g++/bin/../lib/gcc/arm-none-eabi/4.4.1/thumb2/crti.o
 .text          0x200002f0       0x30 e:/microsemi/libero_v11.5/softconsole/sourcery-g++/bin/../lib/gcc/arm-none-eabi/4.4.1/thumb2/crtbegin.o
 .text          0x20000320      0x130 ./main.o
                0x20000320                main
 .text          0x20000450       0x78 ./hal/CortexM3/cortex_nvic.o
                0x20000450                NVIC_init
                0x2000045c                NVIC_set_handler
                0x20000474                NVIC_set_priority
                0x2000048c                NVIC_enable_interrupt
                0x200004a0                NVIC_disable_interrupt
                0x200004b4                NVIC_clear_interrupt
 .text          0x200004c8        0xe ./hal/CortexM3/GNU/hal.o
                0x200004c8                HAL_disable_interrupts
                0x200004d0                HAL_restore_interrupts
 .text          0x200004d6       0x90 ./hal/CortexM3/GNU/hw_reg_access.o
                0x200004d6                HW_set_32bit_reg
                0x200004da                HW_get_32bit_reg
                0x200004de                HW_set_32bit_reg_field
                0x200004fa                HW_get_32bit_reg_field
                0x20000506                HW_set_16bit_reg
                0x2000050a                HW_get_16bit_reg
                0x2000050e                HW_set_16bit_reg_field
                0x2000052a                HW_get_16bit_reg_field
                0x20000536                HW_set_8bit_reg
                0x2000053a                HW_get_8bit_reg
                0x2000053e                HW_set_8bit_reg_field
                0x2000055a                HW_get_8bit_reg_field
 .text          0x20000566        0x0 ./drivers_config/sys_config/sys_config.o
 .text          0x20000566        0x0 ./drivers_config/sys_config/sys_config_SERDESIF_0.o
 *fill*         0x20000566        0x2 00
 .text          0x20000568      0x5e4 ./drivers/spansion/spansion.o
                0x20000568                FLASH_init
                0x2000059c                FLASH_read_device_id
                0x20000608                FLASH_read_device_id_REMS
                0x20000684                FLASH_read
                0x20000700                FLASH_global_unprotect
                0x2000078c                FLASH_chip_erase
                0x20000814                FLASH_erase_4k_block
                0x200008b8                write_cmd_data
                0x200009b8                FLASH_program
                0x20000ad0                FLASH_get_status
 .text          0x20000b4c     0x14b8 ./drivers/mss_spi/mss_spi.o
                0x20000bfc                MSS_SPI_init
                0x20000e90                MSS_SPI_configure_slave_mode
                0x20000f60                MSS_SPI_configure_master_mode
                0x200010b0                MSS_SPI_set_slave_select
                0x200011b8                MSS_SPI_clear_slave_select
                0x20001248                MSS_SPI_transfer_frame
                0x20001308                MSS_SPI_transfer_block
                0x20001530                MSS_SPI_set_frame_rx_handler
                0x20001620                MSS_SPI_set_slave_tx_frame
                0x20001730                MSS_SPI_set_slave_block_buffers
                0x2000196c                MSS_SPI_set_cmd_handler
                0x20001a30                MSS_SPI_set_cmd_response
                0x20001a68                MSS_SPI_enable
                0x20001aa0                MSS_SPI_disable
                0x20001ad8                MSS_SPI_set_transfer_byte_count
                0x20001b5c                MSS_SPI_tx_done
                0x20001fbc                SPI0_IRQHandler
                0x20001fe0                SPI1_IRQHandler
 .text          0x20002004      0x8ec ./drivers/mss_pdma/mss_pdma.o
                0x20002078                PDMA_init
                0x20002118                PDMA_configure
                0x2000225c                PDMA_start
                0x20002490                PDMA_load_next_buffer
                0x20002660                PDMA_status
                0x20002748                DMA_IRQHandler
                0x200027d4                PDMA_set_irq_handler
                0x20002830                PDMA_enable_irq
                0x2000287c                PDMA_clear_irq
 .text          0x200028f0      0x2d8 ./CMSIS/system_m2sxxx.o
                0x200028f0                SystemInit
                0x20002918                SystemCoreClockUpdate
 .text          0x20002bc8      0x284 ./CMSIS/startup_gcc/newlib_stubs.o
                0x20002bc8                _close
                0x20002be0                _execve
                0x20002c08                _exit
                0x20002c14                _fork
                0x20002c2c                _fstat
                0x20002c50                _getpid
                0x20002c60                _isatty
                0x20002c78                _kill
                0x20002c9c                _link
                0x20002cc0                _lseek
                0x20002cdc                _open
                0x20002cf8                _read
                0x20002d14                _write_r
                0x20002d34                _sbrk
                0x20002dc8                _stat
                0x20002dec                _times
                0x20002e04                _unlink
                0x20002e28                _wait
 .text          0x20002e4c        0x0 ./CMSIS/startup_gcc/startup_m2sxxx.o
 .text          0x20002e4c        0xc e:/microsemi/libero_v11.5/softconsole/sourcery-g++/bin/../lib/gcc/arm-none-eabi/4.4.1/../../../../arm-none-eabi/lib/thumb2\libc.a(lib_a-errno.o)
                0x20002e4c                __errno
 .text          0x20002e58        0x0 e:/microsemi/libero_v11.5/softconsole/sourcery-g++/bin/../lib/gcc/arm-none-eabi/4.4.1/../../../../arm-none-eabi/lib/thumb2\libc.a(lib_a-impure.o)
 .text          0x20002e58       0x50 e:/microsemi/libero_v11.5/softconsole/sourcery-g++/bin/../lib/gcc/arm-none-eabi/4.4.1/../../../../arm-none-eabi/lib/thumb2\libc.a(lib_a-init.o)
                0x20002e58                __libc_init_array
 .text          0x20002ea8      0x190 e:/microsemi/libero_v11.5/softconsole/sourcery-g++/bin/../lib/gcc/arm-none-eabi/4.4.1/../../../../arm-none-eabi/lib/thumb2\libc.a(lib_a-memcpy.o)
                0x20002ea8                memcpy
 .text          0x20003038       0xd4 e:/microsemi/libero_v11.5/softconsole/sourcery-g++/bin/../lib/gcc/arm-none-eabi/4.4.1/../../../../arm-none-eabi/lib/thumb2\libc.a(lib_a-memset.o)
                0x20003038                memset
 .text          0x2000310c        0x0 e:/microsemi/libero_v11.5/softconsole/sourcery-g++/bin/../lib/gcc/arm-none-eabi/4.4.1/thumb2/crtend.o
 .text          0x2000310c        0x0 e:/microsemi/libero_v11.5/softconsole/sourcery-g++/bin/../lib/gcc/arm-none-eabi/4.4.1/thumb2/crtn.o
 *(.plt)
 *(.gnu.warning)
 *(.glue_7t)
 .glue_7t       0x00000000        0x0 linker stubs
 *(.glue_7)
 .glue_7        0x00000000        0x0 linker stubs
 *(.vfp11_veneer)
 .vfp11_veneer  0x00000000        0x0 linker stubs
                0x2000310c                . = ALIGN (0x4)
 *crtbegin.o(.ctors)
 *(EXCLUDE_FILE(*crtend.o) .ctors)
 *(SORT(.ctors.*))
 *crtend.o(.ctors)
 *crtbegin.o(.dtors)
 *(EXCLUDE_FILE(*crtend.o) .dtors)
 *(SORT(.dtors.*))
 *crtend.o(.dtors)
 *(.rodata .rodata.* .gnu.linkonce.r.*)
 .rodata        0x2000310c       0x88 ./drivers_config/sys_config/sys_config_SERDESIF_0.o
                0x2000310c                g_m2s_serdes_0_config
 .rodata        0x20003194       0x60 ./drivers/mss_pdma/mss_pdma.o
 .rodata        0x200031f4        0x8 ./CMSIS/system_m2sxxx.o
 .rodata        0x200031fc       0x1c ./CMSIS/startup_gcc/newlib_stubs.o
 .rodata        0x20003218        0x4 e:/microsemi/libero_v11.5/softconsole/sourcery-g++/bin/../lib/gcc/arm-none-eabi/4.4.1/../../../../arm-none-eabi/lib/thumb2\libc.a(lib_a-impure.o)
                0x20003218                _global_impure_ptr
 .rodata.str1.4
                0x2000321c        0x4 e:/microsemi/libero_v11.5/softconsole/sourcery-g++/bin/../lib/gcc/arm-none-eabi/4.4.1/../../../../arm-none-eabi/lib/thumb2\libc.a(lib_a-impure.o)
 *(.ARM.extab* .gnu.linkonce.armextab.*)
 *(.gcc_except_table)
 *(.eh_frame_hdr)
 *(.eh_frame)
 *(.init)
 .init          0x20003220        0x4 e:/microsemi/libero_v11.5/softconsole/sourcery-g++/bin/../lib/gcc/arm-none-eabi/4.4.1/thumb2/crti.o
                0x20003220                _init
 .init          0x20003224        0x8 e:/microsemi/libero_v11.5/softconsole/sourcery-g++/bin/../lib/gcc/arm-none-eabi/4.4.1/thumb2/crtn.o
 *(.fini)
 .fini          0x2000322c        0x4 e:/microsemi/libero_v11.5/softconsole/sourcery-g++/bin/../lib/gcc/arm-none-eabi/4.4.1/thumb2/crti.o
                0x2000322c                _fini
 .fini          0x20003230        0x8 e:/microsemi/libero_v11.5/softconsole/sourcery-g++/bin/../lib/gcc/arm-none-eabi/4.4.1/thumb2/crtn.o
                0x20003238                PROVIDE (__preinit_array_start, .)
 *(.preinit_array)
                0x20003238                PROVIDE (__preinit_array_end, .)
                0x20003238                PROVIDE (__init_array_start, .)
 *(SORT(.init_array.*))
 *(.init_array)
 .init_array    0x20003238        0x4 e:/microsemi/libero_v11.5/softconsole/sourcery-g++/bin/../lib/gcc/arm-none-eabi/4.4.1/thumb2/crtbegin.o
                0x2000323c                PROVIDE (__init_array_end, .)
                0x2000323c                PROVIDE (__fini_array_start, .)
 *(.fini_array)
 .fini_array    0x2000323c        0x4 e:/microsemi/libero_v11.5/softconsole/sourcery-g++/bin/../lib/gcc/arm-none-eabi/4.4.1/thumb2/crtbegin.o
 *(SORT(.fini_array.*))
                0x20003240                PROVIDE (__fini_array_end, .)
                0x20003240                __exidx_start = .

.v4_bx          0x20003240        0x0
 .v4_bx         0x00000000        0x0 linker stubs

.ARM.exidx
 *(.ARM.exidx* .gnu.linkonce.armexidx.*)
                0x20003240                __exidx_end = .
                0x20003240                _etext = .
                0x20003240                PROVIDE (__text_end, .)

.data           0x20003240      0x11c
                0x20003240                __data_load = LOADADDR (.data)
                0x20003240                _sidata = LOADADDR (.data)
                0x20003240                __data_start = .
                0x20003240                _sdata = .
 *(.jcr)
 .jcr           0x20003240        0x0 e:/microsemi/libero_v11.5/softconsole/sourcery-g++/bin/../lib/gcc/arm-none-eabi/4.4.1/thumb2/crtbegin.o
 .jcr           0x20003240        0x4 e:/microsemi/libero_v11.5/softconsole/sourcery-g++/bin/../lib/gcc/arm-none-eabi/4.4.1/thumb2/crtend.o
 *(.got.plt)
 *(.got)
 *(.shdata)
 *(.data .data.* .gnu.linkonce.d.*)
 .data          0x20003244        0x0 e:/microsemi/libero_v11.5/softconsole/sourcery-g++/bin/../lib/gcc/arm-none-eabi/4.4.1/thumb2/crti.o
 .data          0x20003244        0x4 e:/microsemi/libero_v11.5/softconsole/sourcery-g++/bin/../lib/gcc/arm-none-eabi/4.4.1/thumb2/crtbegin.o
                0x20003244                __dso_handle
 .data          0x20003248        0x0 ./main.o
 .data          0x20003248        0x0 ./hal/CortexM3/cortex_nvic.o
 .data          0x20003248        0x0 ./hal/CortexM3/GNU/hal.o
 .data          0x20003248        0x0 ./hal/CortexM3/GNU/hw_reg_access.o
 .data          0x20003248        0x0 ./drivers_config/sys_config/sys_config.o
 .data          0x20003248        0x0 ./drivers_config/sys_config/sys_config_SERDESIF_0.o
 .data          0x20003248        0x0 ./drivers/spansion/spansion.o
 .data          0x20003248        0x0 ./drivers/mss_spi/mss_spi.o
 .data          0x20003248        0x0 ./drivers/mss_pdma/mss_pdma.o
 .data          0x20003248       0x1c ./CMSIS/system_m2sxxx.o
                0x20003248                SystemCoreClock
                0x2000324c                g_FrequencyPCLK0
                0x20003250                g_FrequencyPCLK1
                0x20003254                g_FrequencyPCLK2
                0x20003258                g_FrequencyFIC0
                0x2000325c                g_FrequencyFIC1
                0x20003260                g_FrequencyFIC64
 .data          0x20003264        0x4 ./CMSIS/startup_gcc/newlib_stubs.o
                0x20003264                environ
 .data          0x20003268        0x0 ./CMSIS/startup_gcc/startup_m2sxxx.o
 .data          0x20003268        0x0 e:/microsemi/libero_v11.5/softconsole/sourcery-g++/bin/../lib/gcc/arm-none-eabi/4.4.1/../../../../arm-none-eabi/lib/thumb2\libc.a(lib_a-errno.o)
 .data          0x20003268       0xf4 e:/microsemi/libero_v11.5/softconsole/sourcery-g++/bin/../lib/gcc/arm-none-eabi/4.4.1/../../../../arm-none-eabi/lib/thumb2\libc.a(lib_a-impure.o)
                0x20003268                _impure_ptr
 .data          0x2000335c        0x0 e:/microsemi/libero_v11.5/softconsole/sourcery-g++/bin/../lib/gcc/arm-none-eabi/4.4.1/../../../../arm-none-eabi/lib/thumb2\libc.a(lib_a-init.o)
 .data          0x2000335c        0x0 e:/microsemi/libero_v11.5/softconsole/sourcery-g++/bin/../lib/gcc/arm-none-eabi/4.4.1/../../../../arm-none-eabi/lib/thumb2\libc.a(lib_a-memcpy.o)
 .data          0x2000335c        0x0 e:/microsemi/libero_v11.5/softconsole/sourcery-g++/bin/../lib/gcc/arm-none-eabi/4.4.1/../../../../arm-none-eabi/lib/thumb2\libc.a(lib_a-memset.o)
 .data          0x2000335c        0x0 e:/microsemi/libero_v11.5/softconsole/sourcery-g++/bin/../lib/gcc/arm-none-eabi/4.4.1/thumb2/crtend.o
 .data          0x2000335c        0x0 e:/microsemi/libero_v11.5/softconsole/sourcery-g++/bin/../lib/gcc/arm-none-eabi/4.4.1/thumb2/crtn.o
                0x2000335c                . = ALIGN (0x4)
                0x2000335c                _edata = .

.bss            0x2000335c     0x18bc
                0x2000335c                __bss_start__ = .
                0x2000335c                _sbss = .
 *(.shbss)
 *(.bss .bss.* .gnu.linkonce.b.*)
 .bss           0x2000335c        0x0 e:/microsemi/libero_v11.5/softconsole/sourcery-g++/bin/../lib/gcc/arm-none-eabi/4.4.1/thumb2/crti.o
 .bss           0x2000335c        0x1 e:/microsemi/libero_v11.5/softconsole/sourcery-g++/bin/../lib/gcc/arm-none-eabi/4.4.1/thumb2/crtbegin.o
 *fill*         0x2000335d        0x3 00
 .bss           0x20003360     0x1770 ./main.o
 .bss           0x20004ad0        0x0 ./hal/CortexM3/cortex_nvic.o
 .bss           0x20004ad0        0x0 ./hal/CortexM3/GNU/hal.o
 .bss           0x20004ad0        0x0 ./hal/CortexM3/GNU/hw_reg_access.o
 .bss           0x20004ad0        0x0 ./drivers_config/sys_config/sys_config.o
 .bss           0x20004ad0        0x0 ./drivers_config/sys_config/sys_config_SERDESIF_0.o
 .bss           0x20004ad0        0x0 ./drivers/spansion/spansion.o
 .bss           0x20004ad0        0x0 ./drivers/mss_spi/mss_spi.o
 .bss           0x20004ad0       0x38 ./drivers/mss_pdma/mss_pdma.o
 .bss           0x20004b08        0x0 ./CMSIS/system_m2sxxx.o
 .bss           0x20004b08        0x8 ./CMSIS/startup_gcc/newlib_stubs.o
                0x20004b08                __env
 .bss           0x20004b10        0x0 ./CMSIS/startup_gcc/startup_m2sxxx.o
 .bss           0x20004b10        0x0 e:/microsemi/libero_v11.5/softconsole/sourcery-g++/bin/../lib/gcc/arm-none-eabi/4.4.1/../../../../arm-none-eabi/lib/thumb2\libc.a(lib_a-errno.o)
 .bss           0x20004b10        0x0 e:/microsemi/libero_v11.5/softconsole/sourcery-g++/bin/../lib/gcc/arm-none-eabi/4.4.1/../../../../arm-none-eabi/lib/thumb2\libc.a(lib_a-impure.o)
 .bss           0x20004b10        0x0 e:/microsemi/libero_v11.5/softconsole/sourcery-g++/bin/../lib/gcc/arm-none-eabi/4.4.1/../../../../arm-none-eabi/lib/thumb2\libc.a(lib_a-init.o)
 .bss           0x20004b10        0x0 e:/microsemi/libero_v11.5/softconsole/sourcery-g++/bin/../lib/gcc/arm-none-eabi/4.4.1/../../../../arm-none-eabi/lib/thumb2\libc.a(lib_a-memcpy.o)
 .bss           0x20004b10        0x0 e:/microsemi/libero_v11.5/softconsole/sourcery-g++/bin/../lib/gcc/arm-none-eabi/4.4.1/../../../../arm-none-eabi/lib/thumb2\libc.a(lib_a-memset.o)
 .bss           0x20004b10        0x0 e:/microsemi/libero_v11.5/softconsole/sourcery-g++/bin/../lib/gcc/arm-none-eabi/4.4.1/thumb2/crtend.o
 .bss           0x20004b10        0x0 e:/microsemi/libero_v11.5/softconsole/sourcery-g++/bin/../lib/gcc/arm-none-eabi/4.4.1/thumb2/crtn.o
 *(COMMON)
 COMMON         0x20004b10      0x108 ./drivers/mss_spi/mss_spi.o
                0x20004b10                g_mss_spi1
                0x20004b94                g_mss_spi0
                0x20004c18                . = ALIGN (0x8)
                0x20004c18                __bss_end__ = .
                0x20004c18                _end = .
                0x20004c18                __end = _end
                0x20004c18                _ebss = .
                0x20004c18                PROVIDE (end, .)

.stack          0x20004c18     0x3000
                0x20004c18                . = ALIGN (0x4)
                0x20005c18                . = (. + PROCESS_STACK_SIZE)
 *fill*         0x20004c18     0x1000 00
                0x20005c18                . = ALIGN (0x4)
                0x20007c18                . = (. + MAIN_STACK_SIZE)
 *fill*         0x20005c18     0x2000 00
                0x20007c18                . = ALIGN (0x4)

.stab
 *(.stab)

.stabstr
 *(.stabstr)

.debug
 *(.debug)

.line
 *(.line)

.debug_srcinfo
 *(.debug_srcinfo)

.debug_sfnames
 *(.debug_sfnames)

.comment        0x00000000      0x183
 .comment       0x00000000       0x2b ./main.o
 .comment       0x0000002b       0x2b ./hal/CortexM3/cortex_nvic.o
 .comment       0x00000056       0x2b ./drivers_config/sys_config/sys_config.o
 .comment       0x00000081       0x2b ./drivers_config/sys_config/sys_config_SERDESIF_0.o
 .comment       0x000000ac       0x2b ./drivers/spansion/spansion.o
 .comment       0x000000d7       0x2b ./drivers/mss_spi/mss_spi.o
 .comment       0x00000102       0x2b ./drivers/mss_pdma/mss_pdma.o
 .comment       0x0000012d       0x2b ./CMSIS/system_m2sxxx.o
 .comment       0x00000158       0x2b ./CMSIS/startup_gcc/newlib_stubs.o

.debug_aranges  0x00000000       0xe0
 *(.debug_aranges)
 .debug_aranges
                0x00000000       0x20 ./main.o
 .debug_aranges
                0x00000020       0x20 ./hal/CortexM3/cortex_nvic.o
 .debug_aranges
                0x00000040       0x20 ./drivers/spansion/spansion.o
 .debug_aranges
                0x00000060       0x20 ./drivers/mss_spi/mss_spi.o
 .debug_aranges
                0x00000080       0x20 ./drivers/mss_pdma/mss_pdma.o
 .debug_aranges
                0x000000a0       0x20 ./CMSIS/system_m2sxxx.o
 .debug_aranges
                0x000000c0       0x20 ./CMSIS/startup_gcc/newlib_stubs.o

.debug_pubnames
                0x00000000      0x659
 *(.debug_pubnames)
 .debug_pubnames
                0x00000000       0x1b ./main.o
 .debug_pubnames
                0x0000001b       0x99 ./hal/CortexM3/cortex_nvic.o
 .debug_pubnames
                0x000000b4       0x2c ./drivers_config/sys_config/sys_config_SERDESIF_0.o
 .debug_pubnames
                0x000000e0       0xea ./drivers/spansion/spansion.o
 .debug_pubnames
                0x000001ca      0x21a ./drivers/mss_spi/mss_spi.o
 .debug_pubnames
                0x000003e4       0xbf ./drivers/mss_pdma/mss_pdma.o
 .debug_pubnames
                0x000004a3       0xcb ./CMSIS/system_m2sxxx.o
 .debug_pubnames
                0x0000056e       0xeb ./CMSIS/startup_gcc/newlib_stubs.o

.debug_info     0x00000000     0x50ec
 *(.debug_info .gnu.linkonce.wi.*)
 .debug_info    0x00000000      0x8a9 ./main.o
 .debug_info    0x000008a9      0x18e ./hal/CortexM3/cortex_nvic.o
 .debug_info    0x00000a37       0x91 ./drivers_config/sys_config/sys_config.o
 .debug_info    0x00000ac8       0xdb ./drivers_config/sys_config/sys_config_SERDESIF_0.o
 .debug_info    0x00000ba3      0xa86 ./drivers/spansion/spansion.o
 .debug_info    0x00001629     0x171f ./drivers/mss_spi/mss_spi.o
 .debug_info    0x00002d48     0x1132 ./drivers/mss_pdma/mss_pdma.o
 .debug_info    0x00003e7a      0xbb3 ./CMSIS/system_m2sxxx.o
 .debug_info    0x00004a2d      0x6bf ./CMSIS/startup_gcc/newlib_stubs.o

.debug_abbrev   0x00000000      0xa73
 *(.debug_abbrev)
 .debug_abbrev  0x00000000       0xbe ./main.o
 .debug_abbrev  0x000000be       0x99 ./hal/CortexM3/cortex_nvic.o
 .debug_abbrev  0x00000157       0x5a ./drivers_config/sys_config/sys_config.o
 .debug_abbrev  0x000001b1       0x91 ./drivers_config/sys_config/sys_config_SERDESIF_0.o
 .debug_abbrev  0x00000242      0x1d7 ./drivers/spansion/spansion.o
 .debug_abbrev  0x00000419      0x1ec ./drivers/mss_spi/mss_spi.o
 .debug_abbrev  0x00000605      0x1bb ./drivers/mss_pdma/mss_pdma.o
 .debug_abbrev  0x000007c0      0x15d ./CMSIS/system_m2sxxx.o
 .debug_abbrev  0x0000091d      0x156 ./CMSIS/startup_gcc/newlib_stubs.o

.debug_line     0x00000000     0x1aaa
 *(.debug_line)
 .debug_line    0x00000000      0x3c0 ./main.o
 .debug_line    0x000003c0      0x264 ./hal/CortexM3/cortex_nvic.o
 .debug_line    0x00000624      0x177 ./drivers_config/sys_config/sys_config.o
 .debug_line    0x0000079b      0x11a ./drivers_config/sys_config/sys_config_SERDESIF_0.o
 .debug_line    0x000008b5      0x417 ./drivers/spansion/spansion.o
 .debug_line    0x00000ccc      0x568 ./drivers/mss_spi/mss_spi.o
 .debug_line    0x00001234      0x32a ./drivers/mss_pdma/mss_pdma.o
 .debug_line    0x0000155e      0x1cb ./CMSIS/system_m2sxxx.o
 .debug_line    0x00001729      0x381 ./CMSIS/startup_gcc/newlib_stubs.o

.debug_frame    0x00000000      0xa88
 *(.debug_frame)
 .debug_frame   0x00000000       0x30 ./main.o
 .debug_frame   0x00000030       0xb4 ./hal/CortexM3/cortex_nvic.o
 .debug_frame   0x000000e4      0x170 ./drivers/spansion/spansion.o
 .debug_frame   0x00000254      0x320 ./drivers/mss_spi/mss_spi.o
 .debug_frame   0x00000574      0x178 ./drivers/mss_pdma/mss_pdma.o
 .debug_frame   0x000006ec       0xd8 ./CMSIS/system_m2sxxx.o
 .debug_frame   0x000007c4      0x21c ./CMSIS/startup_gcc/newlib_stubs.o
 .debug_frame   0x000009e0       0x20 e:/microsemi/libero_v11.5/softconsole/sourcery-g++/bin/../lib/gcc/arm-none-eabi/4.4.1/../../../../arm-none-eabi/lib/thumb2\libc.a(lib_a-errno.o)
 .debug_frame   0x00000a00       0x2c e:/microsemi/libero_v11.5/softconsole/sourcery-g++/bin/../lib/gcc/arm-none-eabi/4.4.1/../../../../arm-none-eabi/lib/thumb2\libc.a(lib_a-init.o)
 .debug_frame   0x00000a2c       0x34 e:/microsemi/libero_v11.5/softconsole/sourcery-g++/bin/../lib/gcc/arm-none-eabi/4.4.1/../../../../arm-none-eabi/lib/thumb2\libc.a(lib_a-memcpy.o)
 .debug_frame   0x00000a60       0x28 e:/microsemi/libero_v11.5/softconsole/sourcery-g++/bin/../lib/gcc/arm-none-eabi/4.4.1/../../../../arm-none-eabi/lib/thumb2\libc.a(lib_a-memset.o)

.debug_str      0x00000000     0x1f73
 *(.debug_str)
 .debug_str     0x00000000      0x7e9 ./main.o
                                0x83b (size before relaxing)
 .debug_str     0x000007e9       0xc4 ./hal/CortexM3/cortex_nvic.o
                                0x1a1 (size before relaxing)
 .debug_str     0x000008ad       0x2a ./drivers_config/sys_config/sys_config.o
                                0x103 (size before relaxing)
 .debug_str     0x000008d7       0x67 ./drivers_config/sys_config/sys_config_SERDESIF_0.o
                                0x13a (size before relaxing)
 .debug_str     0x0000093e      0x9de ./drivers/spansion/spansion.o
                                0xbb0 (size before relaxing)
 .debug_str     0x0000131c      0x3c1 ./drivers/mss_spi/mss_spi.o
                               0x1526 (size before relaxing)
 .debug_str     0x000016dd      0x4af ./drivers/mss_pdma/mss_pdma.o
                               0x1220 (size before relaxing)
 .debug_str     0x00001b8c      0x200 ./CMSIS/system_m2sxxx.o
                                0x9e7 (size before relaxing)
 .debug_str     0x00001d8c      0x1e7 ./CMSIS/startup_gcc/newlib_stubs.o
                                0x2f4 (size before relaxing)

.debug_loc      0x00000000     0x10e2
 *(.debug_loc)
 .debug_loc     0x00000000       0x37 ./main.o
 .debug_loc     0x00000037      0x13e ./hal/CortexM3/cortex_nvic.o
 .debug_loc     0x00000175      0x25f ./drivers/spansion/spansion.o
 .debug_loc     0x000003d4      0x549 ./drivers/mss_spi/mss_spi.o
 .debug_loc     0x0000091d      0x296 ./drivers/mss_pdma/mss_pdma.o
 .debug_loc     0x00000bb3      0x169 ./CMSIS/system_m2sxxx.o
 .debug_loc     0x00000d1c      0x3c6 ./CMSIS/startup_gcc/newlib_stubs.o

.debug_macinfo  0x00000000    0x39453
 *(.debug_macinfo)
 .debug_macinfo
                0x00000000     0x9a02 ./main.o
 .debug_macinfo
                0x00009a02     0x193f ./hal/CortexM3/cortex_nvic.o
 .debug_macinfo
                0x0000b341     0x6f4e ./drivers_config/sys_config/sys_config.o
 .debug_macinfo
                0x0001228f     0x1512 ./drivers_config/sys_config/sys_config_SERDESIF_0.o
 .debug_macinfo
                0x000137a1     0x8cc6 ./drivers/spansion/spansion.o
 .debug_macinfo
                0x0001c467     0x8f32 ./drivers/mss_spi/mss_spi.o
 .debug_macinfo
                0x00025399     0x8222 ./drivers/mss_pdma/mss_pdma.o
 .debug_macinfo
                0x0002d5bb     0x72a8 ./CMSIS/system_m2sxxx.o
 .debug_macinfo
                0x00034863     0x4bf0 ./CMSIS/startup_gcc/newlib_stubs.o

.debug_weaknames
 *(.debug_weaknames)

.debug_funcnames
 *(.debug_funcnames)

.debug_typenames
 *(.debug_typenames)

.debug_varnames
 *(.debug_varnames)

.note.gnu.arm.ident
 *(.note.gnu.arm.ident)

.ARM.attributes
                0x00000000       0x25
 *(.ARM.attributes)
 .ARM.attributes
                0x00000000       0x19 e:/microsemi/libero_v11.5/softconsole/sourcery-g++/bin/../lib/gcc/arm-none-eabi/4.4.1/thumb2/crti.o
 .ARM.attributes
                0x00000019       0x29 e:/microsemi/libero_v11.5/softconsole/sourcery-g++/bin/../lib/gcc/arm-none-eabi/4.4.1/thumb2/crtbegin.o
 .ARM.attributes
                0x00000042       0x31 ./main.o
 .ARM.attributes
                0x00000073       0x31 ./hal/CortexM3/cortex_nvic.o
 .ARM.attributes
                0x000000a4       0x21 ./hal/CortexM3/GNU/hal.o
 .ARM.attributes
                0x000000c5       0x21 ./hal/CortexM3/GNU/hw_reg_access.o
 .ARM.attributes
                0x000000e6       0x31 ./drivers_config/sys_config/sys_config.o
 .ARM.attributes
                0x00000117       0x31 ./drivers_config/sys_config/sys_config_SERDESIF_0.o
 .ARM.attributes
                0x00000148       0x31 ./drivers/spansion/spansion.o
 .ARM.attributes
                0x00000179       0x31 ./drivers/mss_spi/mss_spi.o
 .ARM.attributes
                0x000001aa       0x31 ./drivers/mss_pdma/mss_pdma.o
 .ARM.attributes
                0x000001db       0x31 ./CMSIS/system_m2sxxx.o
 .ARM.attributes
                0x0000020c       0x31 ./CMSIS/startup_gcc/newlib_stubs.o
 .ARM.attributes
                0x0000023d       0x21 ./CMSIS/startup_gcc/startup_m2sxxx.o
 .ARM.attributes
                0x0000025e       0x29 e:/microsemi/libero_v11.5/softconsole/sourcery-g++/bin/../lib/gcc/arm-none-eabi/4.4.1/../../../../arm-none-eabi/lib/thumb2\libc.a(lib_a-errno.o)
 .ARM.attributes
                0x00000287       0x29 e:/microsemi/libero_v11.5/softconsole/sourcery-g++/bin/../lib/gcc/arm-none-eabi/4.4.1/../../../../arm-none-eabi/lib/thumb2\libc.a(lib_a-impure.o)
 .ARM.attributes
                0x000002b0       0x29 e:/microsemi/libero_v11.5/softconsole/sourcery-g++/bin/../lib/gcc/arm-none-eabi/4.4.1/../../../../arm-none-eabi/lib/thumb2\libc.a(lib_a-init.o)
 .ARM.attributes
                0x000002d9       0x29 e:/microsemi/libero_v11.5/softconsole/sourcery-g++/bin/../lib/gcc/arm-none-eabi/4.4.1/../../../../arm-none-eabi/lib/thumb2\libc.a(lib_a-memcpy.o)
 .ARM.attributes
                0x00000302       0x29 e:/microsemi/libero_v11.5/softconsole/sourcery-g++/bin/../lib/gcc/arm-none-eabi/4.4.1/../../../../arm-none-eabi/lib/thumb2\libc.a(lib_a-memset.o)
 .ARM.attributes
                0x0000032b       0x29 e:/microsemi/libero_v11.5/softconsole/sourcery-g++/bin/../lib/gcc/arm-none-eabi/4.4.1/thumb2/crtend.o
 .ARM.attributes
                0x00000354       0x19 e:/microsemi/libero_v11.5/softconsole/sourcery-g++/bin/../lib/gcc/arm-none-eabi/4.4.1/thumb2/crtn.o

/DISCARD/
 *(.note.GNU-stack)
 *(.isr_vector)
OUTPUT(spi_flash_pdma_example elf32-littlearm)
